\BOOKMARK [1][-]{section.1}{\376\377\000M\000o\000t\000i\000v\000a\000z\000i\000o\000n\000i\000\040\000e\000c\000o\000n\000o\000m\000i\000c\000h\000e}{}% 1
\BOOKMARK [2][-]{subsection.1.1}{\376\377\000C\000o\000n\000t\000e\000s\000t\000o\000\040\000r\000e\000g\000o\000l\000a\000m\000e\000n\000t\000a\000r\000e}{section.1}% 2
\BOOKMARK [2][-]{subsection.1.2}{\376\377\000L\000a\000\040\000m\000e\000t\000o\000d\000o\000l\000o\000g\000i\000a}{section.1}% 3
\BOOKMARK [1][-]{section.2}{\376\377\000L\000a\000\040\000c\000u\000r\000v\000a\000\040\000d\000e\000i\000\040\000t\000a\000s\000s\000i\000\040\000e\000\040\000i\000\040\000t\000a\000s\000s\000i\000\040\000f\000o\000r\000w\000a\000r\000d}{}% 4
\BOOKMARK [2][-]{subsection.2.1}{\376\377\000D\000a\000l\000l\000a\000\040\000c\000a\000p\000i\000t\000a\000l\000i\000z\000z\000a\000z\000i\000o\000n\000e\000\040\000a\000l\000\040\000f\000a\000t\000t\000o\000r\000e\000\040\000d\000i\000\040\000s\000c\000o\000n\000t\000o}{section.2}% 5
\BOOKMARK [2][-]{subsection.2.2}{\376\377\000T\000a\000s\000s\000o\000\040\000s\000p\000o\000t}{section.2}% 6
\BOOKMARK [2][-]{subsection.2.3}{\376\377\000T\000a\000s\000s\000o\000\040\000f\000o\000r\000w\000a\000r\000d}{section.2}% 7
\BOOKMARK [2][-]{subsection.2.4}{\376\377\000T\000a\000s\000s\000i\000\040\000p\000a\000r}{section.2}% 8
\BOOKMARK [2][-]{subsection.2.5}{\376\377\000G\000l\000i\000\040\000s\000w\000a\000p\000\040\000d\000i\000\040\000t\000a\000s\000s\000o\000\040\000d\000i\000\040\000i\000n\000t\000e\000r\000e\000s\000s\000e}{section.2}% 9
\BOOKMARK [1][-]{section.3}{\376\377\000S\000t\000r\000u\000t\000t\000u\000r\000a\000\040\000m\000a\000t\000e\000m\000a\000t\000i\000c\000a\000\040\000d\000e\000l\000\040\000m\000e\000t\000o\000d\000o\000:\000\040\000b\000o\000o\000t\000s\000t\000r\000a\000p\000\040\000e\000d\000\040\000e\000s\000t\000r\000a\000p\000o\000l\000a\000z\000i\000o\000n\000e}{}% 10
\BOOKMARK [2][-]{subsection.3.1}{\376\377\000I\000l\000\040\000C\000r\000e\000d\000i\000t\000\040\000R\000i\000s\000k\000\040\000A\000d\000j\000u\000s\000t\000m\000e\000n\000t}{section.3}% 11
\BOOKMARK [2][-]{subsection.3.2}{\376\377\000F\000i\000r\000s\000t\000\040\000S\000m\000o\000o\000t\000h\000i\000n\000g\000\040\000P\000o\000i\000n\000t\000\040\000e\000\040\000s\000c\000a\000d\000e\000n\000z\000e\000\040\000l\000i\000q\000u\000i\000d\000e}{section.3}% 12
\BOOKMARK [2][-]{subsection.3.3}{\376\377\000L\000a\000\040\000c\000o\000n\000d\000i\000z\000i\000o\000n\000e\000\040\000p\000a\000r\000\040\000e\000\040\000i\000l\000\040\000b\000o\000o\000t\000s\000t\000r\000a\000p}{section.3}% 13
\BOOKMARK [2][-]{subsection.3.4}{\376\377\000S\000c\000a\000d\000e\000n\000z\000e\000\040\000n\000o\000n\000\040\000c\000o\000n\000s\000e\000c\000u\000t\000i\000v\000e\000:\000\040\000l\000'\000e\000q\000u\000a\000z\000i\000o\000n\000e\000\040\000n\000o\000n\000\040\000l\000i\000n\000e\000a\000r\000e}{section.3}% 14
\BOOKMARK [2][-]{subsection.3.5}{\376\377\000R\000i\000c\000e\000r\000c\000a\000\040\000d\000i\000\040\000z\000e\000r\000i\000:\000\040\000i\000l\000\040\000m\000e\000t\000o\000d\000o\000\040\000d\000i\000\040\000N\000e\000w\000t\000o\000n}{section.3}% 15
\BOOKMARK [2][-]{subsection.3.6}{\376\377\000E\000s\000t\000r\000a\000p\000o\000l\000a\000z\000i\000o\000n\000e\000:\000\040\000d\000a\000l\000l\000'\000L\000L\000F\000R\000\040\000a\000l\000l\000'\000U\000F\000R}{section.3}% 16
\BOOKMARK [2][-]{subsection.3.7}{\376\377\000I\000l\000\040\000p\000a\000r\000a\000m\000e\000t\000r\000o\000\040\000d\000i\000\040\000c\000o\000n\000v\000e\000r\000g\000e\000n\000z\000a\000\040\000a\000l\000p\000h\000a}{section.3}% 17
\BOOKMARK [1][-]{section.4}{\376\377\000R\000i\000c\000o\000s\000t\000r\000u\000z\000i\000o\000n\000e\000:\000\040\000d\000i\000c\000e\000m\000b\000r\000e\000\040\0002\0000\0002\0005}{}% 18
\BOOKMARK [2][-]{subsection.4.1}{\376\377\000D\000a\000t\000i\000\040\000d\000i\000\040\000i\000n\000p\000u\000t}{section.4}% 19
\BOOKMARK [2][-]{subsection.4.2}{\376\377\000I\000l\000\040\000b\000o\000o\000t\000s\000t\000r\000a\000p\000\040\000i\000n\000\040\000a\000z\000i\000o\000n\000e}{section.4}% 20
\BOOKMARK [2][-]{subsection.4.3}{\376\377\000I\000l\000\040\000c\000a\000l\000c\000o\000l\000o\000\040\000d\000e\000l\000\040\000L\000L\000F\000R}{section.4}% 21
\BOOKMARK [2][-]{subsection.4.4}{\376\377\000C\000u\000r\000v\000a\000\040\000r\000i\000c\000o\000s\000t\000r\000u\000i\000t\000a\000\040\000e\000\040\000c\000o\000n\000f\000r\000o\000n\000t\000o\000\040\000c\000o\000l\000\040\000b\000e\000n\000c\000h\000m\000a\000r\000k}{section.4}% 22
\BOOKMARK [1][-]{section.5}{\376\377\000C\000o\000n\000f\000r\000o\000n\000t\000o\000\040\000c\000o\000n\000\040\000i\000l\000\040\000m\000e\000t\000o\000d\000o\000\040\000S\000m\000i\000t\000h\040\023\000W\000i\000l\000s\000o\000n}{}% 23
\BOOKMARK [1][-]{section.6}{\376\377\000C\000o\000n\000c\000l\000u\000s\000i\000o\000n\000i}{}% 24
