\BOOKMARK [1][-]{section.1}{\376\377\000I\000n\000t\000r\000o\000d\000u\000z\000i\000o\000n\000e\000\040\000e\000\040\000o\000b\000i\000e\000t\000t\000i\000v\000i}{}% 1
\BOOKMARK [2][-]{subsection.1.1}{\376\377\000L\000a\000\040\000c\000u\000r\000v\000a\000\040\000d\000e\000i\000\040\000t\000a\000s\000s\000i\000\040\000e\000\040\000i\000l\000\040\000p\000r\000o\000b\000l\000e\000m\000a\000\040\000d\000e\000l\000l\000a\000\040\000d\000i\000m\000e\000n\000s\000i\000o\000n\000a\000l\000i\000t\000\340}{section.1}% 2
\BOOKMARK [2][-]{subsection.1.2}{\376\377\000S\000t\000r\000u\000t\000t\000u\000r\000a\000\040\000d\000e\000l\000l\000a\000\040\000d\000i\000s\000p\000e\000n\000s\000a}{section.1}% 3
\BOOKMARK [1][-]{section.2}{\376\377\000P\000r\000e\000r\000e\000q\000u\000i\000s\000i\000t\000i\000\040\000m\000a\000t\000e\000m\000a\000t\000i\000c\000i\000:\000\040\000S\000V\000D\000\040\000e\000\040\000a\000p\000p\000r\000o\000s\000s\000i\000m\000a\000z\000i\000o\000n\000e\000\040\000o\000t\000t\000i\000m\000a\000l\000e}{}% 4
\BOOKMARK [2][-]{subsection.2.1}{\376\377\000D\000e\000c\000o\000m\000p\000o\000s\000i\000z\000i\000o\000n\000e\000\040\000a\000i\000\040\000V\000a\000l\000o\000r\000i\000\040\000S\000i\000n\000g\000o\000l\000a\000r\000i\000\040\000\050\000S\000V\000D\000\051}{section.2}% 5
\BOOKMARK [2][-]{subsection.2.2}{\376\377\000L\000a\000\040\000n\000o\000r\000m\000a\000\040\000d\000i\000\040\000F\000r\000o\000b\000e\000n\000i\000u\000s}{section.2}% 6
\BOOKMARK [2][-]{subsection.2.3}{\376\377\000I\000l\000\040\000t\000e\000o\000r\000e\000m\000a\000\040\000d\000i\000\040\000E\000c\000k\000a\000r\000t\040\023\000Y\000o\000u\000n\000g\040\023\000M\000i\000r\000s\000k\000y\000:\000\040\000o\000t\000t\000i\000m\000a\000l\000i\000t\000\340\000\040\000d\000e\000l\000l\000a\000\040\000S\000V\000D\000\040\000t\000r\000o\000n\000c\000a\000t\000a}{section.2}% 7
\BOOKMARK [2][-]{subsection.2.4}{\376\377\000P\000C\000A\000\040\000c\000o\000m\000e\000\040\000S\000V\000D\000\040\000d\000e\000l\000l\000a\000\040\000m\000a\000t\000r\000i\000c\000e\000\040\000c\000e\000n\000t\000r\000a\000t\000a}{section.2}% 8
\BOOKMARK [1][-]{section.3}{\376\377\000A\000p\000p\000l\000i\000c\000a\000z\000i\000o\000n\000e\000\040\000d\000e\000l\000l\000a\000\040\000P\000C\000A\000\040\000e\000\040\000S\000V\000D\000\040\000a\000i\000\040\000t\000a\000s\000s\000i\000\040\000d\000i\000\040\000i\000n\000t\000e\000r\000e\000s\000s\000e\000\040\000E\000C\000B}{}% 9
\BOOKMARK [2][-]{subsection.3.1}{\376\377\000D\000a\000t\000i\000,\000\040\000a\000g\000g\000r\000e\000g\000a\000z\000i\000o\000n\000e\000\040\000m\000e\000n\000s\000i\000l\000e\000\040\000e\000\040\000a\000n\000a\000l\000i\000s\000i\000\040\000e\000s\000p\000l\000o\000r\000a\000t\000i\000v\000a}{section.3}% 10
\BOOKMARK [3][-]{subsubsection.3.1.1}{\376\377\000P\000e\000r\000c\000h\000\351\000\040\000v\000a\000r\000i\000a\000z\000i\000o\000n\000i\000\040\000m\000e\000n\000s\000i\000l\000i\000?}{subsection.3.1}% 11
\BOOKMARK [3][-]{subsubsection.3.1.2}{\376\377\000G\000r\000a\000f\000i\000c\000o\000\040\000d\000e\000i\000\040\000l\000i\000v\000e\000l\000l\000i\000\040\000m\000e\000n\000s\000i\000l\000i}{subsection.3.1}% 12
\BOOKMARK [3][-]{subsubsection.3.1.3}{\376\377\000V\000a\000r\000i\000a\000z\000i\000o\000n\000i\000\040\000m\000e\000n\000s\000i\000l\000i\000:\000\040\000l\000a\000\040\000m\000a\000t\000r\000i\000c\000e\000\040\000D\000e\000l\000t\000a\000\040\000R\000\040\000m\000e\000n\000s\000i\000l\000e}{subsection.3.1}% 13
\BOOKMARK [2][-]{subsection.3.2}{\376\377\000P\000C\000A\000\040\000t\000r\000a\000m\000i\000t\000e\000\040\000S\000V\000D}{section.3}% 14
\BOOKMARK [3][-]{subsubsection.3.2.1}{\376\377\000C\000o\000s\000t\000r\000u\000z\000i\000o\000n\000e\000\040\000d\000e\000l\000l\000a\000\040\000m\000a\000t\000r\000i\000c\000e\000\040\000c\000e\000n\000t\000r\000a\000t\000a\000\040\000e\000\040\000S\000V\000D}{subsection.3.2}% 15
\BOOKMARK [2][-]{subsection.3.3}{\376\377\000I\000n\000t\000e\000r\000p\000r\000e\000t\000a\000z\000i\000o\000n\000e\000\040\000e\000\040\000r\000i\000c\000o\000s\000t\000r\000u\000z\000i\000o\000n\000e}{section.3}% 16
\BOOKMARK [3][-]{subsubsection.3.3.1}{\376\377\000I\000\040\000l\000o\000a\000d\000i\000n\000g\000s\000:\000\040\000f\000o\000r\000m\000a\000\040\000d\000e\000i\000\040\000f\000a\000t\000t\000o\000r\000i\000\040\000s\000u\000l\000l\000a\000\040\000c\000u\000r\000v\000a}{subsection.3.3}% 17
\BOOKMARK [3][-]{subsubsection.3.3.2}{\376\377\000I\000n\000t\000e\000r\000p\000r\000e\000t\000a\000z\000i\000o\000n\000e\000\040\000e\000c\000o\000n\000o\000m\000i\000c\000a\000\040\000d\000e\000i\000\040\000t\000r\000e\000\040\000f\000a\000t\000t\000o\000r\000i}{subsection.3.3}% 18
\BOOKMARK [3][-]{subsubsection.3.3.3}{\376\377\000G\000l\000i\000\040\000s\000c\000o\000r\000e\000s\000\040\000m\000e\000n\000s\000i\000l\000i\000:\000\040\000l\000a\000\040\000s\000t\000o\000r\000i\000a\000\040\000d\000e\000l\000l\000a\000\040\000p\000o\000l\000i\000t\000i\000c\000a\000\040\000m\000o\000n\000e\000t\000a\000r\000i\000a\000\040\000B\000C\000E}{subsection.3.3}% 19
\BOOKMARK [3][-]{subsubsection.3.3.4}{\376\377\000R\000i\000c\000o\000s\000t\000r\000u\000z\000i\000o\000n\000e\000\040\000d\000e\000l\000l\000a\000\040\000v\000a\000r\000i\000a\000z\000i\000o\000n\000e\000\040\000m\000e\000n\000s\000i\000l\000e}{subsection.3.3}% 20
\BOOKMARK [1][-]{section.4}{\376\377\000C\000a\000l\000i\000b\000r\000a\000z\000i\000o\000n\000e\000\040\000d\000e\000g\000l\000i\000\040\000s\000c\000o\000r\000e\000s\000\040\000s\000u\000\040\000u\000n\000a\000\040\000c\000u\000r\000v\000a\000\040\000a\000r\000b\000i\000t\000r\000a\000r\000i\000a}{}% 21
\BOOKMARK [2][-]{subsection.4.1}{\376\377\000P\000r\000o\000i\000e\000z\000i\000o\000n\000e\000\040\000o\000r\000t\000o\000g\000o\000n\000a\000l\000e\000\040\000e\000\040\000p\000e\000s\000i\000\040\000a\000l\000g\000e\000b\000r\000i\000c\000i}{section.4}% 22
\BOOKMARK [2][-]{subsection.4.2}{\376\377\000A\000p\000p\000l\000i\000c\000a\000z\000i\000o\000n\000e\000:\000\040\000r\000i\000c\000o\000s\000t\000r\000u\000z\000i\000o\000n\000e\000\040\000c\000u\000r\000v\000a\000\040\000E\000C\000B\000\040\000M\000a\000r\000z\000o\000\040\0002\0000\0002\0006}{section.4}% 23
\BOOKMARK [2][-]{subsection.4.3}{\376\377\000A\000p\000p\000l\000i\000c\000a\000z\000i\000o\000n\000e\000:\000\040\000r\000i\000c\000o\000s\000t\000r\000u\000z\000i\000o\000n\000e\000\040\000c\000u\000r\000v\000a\000\040\000E\000C\000B\000\040\000G\000i\000u\000g\000n\000o\000\040\0002\0000\0002\0006}{section.4}% 24
\BOOKMARK [1][-]{section.5}{\376\377\000C\000o\000n\000c\000l\000u\000s\000i\000o\000n\000i}{}% 25
